../Core/Src/LiquidCrystal_Shield.c:36:6:LiquidCrystal_Init	24	static
../Core/Src/LiquidCrystal_Shield.c:64:6:begin	16	static
../Core/Src/LiquidCrystal_Shield.c:126:6:setRowOffsets	24	static
../Core/Src/LiquidCrystal_Shield.c:135:6:clear	8	static
../Core/Src/LiquidCrystal_Shield.c:141:6:home	8	static
../Core/Src/LiquidCrystal_Shield.c:147:6:setCursor	24	static
../Core/Src/LiquidCrystal_Shield.c:161:6:noDisplay	8	static
../Core/Src/LiquidCrystal_Shield.c:165:6:display	8	static
../Core/Src/LiquidCrystal_Shield.c:171:6:noCursor	8	static
../Core/Src/LiquidCrystal_Shield.c:175:6:cursor	8	static
../Core/Src/LiquidCrystal_Shield.c:181:6:noBlink	8	static
../Core/Src/LiquidCrystal_Shield.c:185:6:blink	8	static
../Core/Src/LiquidCrystal_Shield.c:191:6:scrollDisplayLeft	8	static
../Core/Src/LiquidCrystal_Shield.c:194:6:scrollDisplayRight	8	static
../Core/Src/LiquidCrystal_Shield.c:199:6:leftToRight	8	static
../Core/Src/LiquidCrystal_Shield.c:205:6:rightToLeft	8	static
../Core/Src/LiquidCrystal_Shield.c:211:6:autoscroll	8	static
../Core/Src/LiquidCrystal_Shield.c:217:6:noAutoscroll	8	static
../Core/Src/LiquidCrystal_Shield.c:223:8:print	32	static
../Core/Src/LiquidCrystal_Shield.c:239:6:createChar	24	static
../Core/Src/LiquidCrystal_Shield.c:249:13:command	16	static
../Core/Src/LiquidCrystal_Shield.c:253:15:write	16	static
../Core/Src/LiquidCrystal_Shield.c:261:6:send	16	static
../Core/Src/LiquidCrystal_Shield.c:269:6:pulseEnable	8	static
../Core/Src/LiquidCrystal_Shield.c:278:6:write4bits	24	static
../Core/Src/LiquidCrystal_Shield.c:287:6:gpio_write	16	static
../Core/Src/LiquidCrystal_Shield.c:291:6:gpio_pin_init_output	40	static
../Core/Src/LiquidCrystal_Shield.c:302:6:enableClock	48	static
